// Vitest Snapshot v1, https://vitest.dev/guide/snapshot.html

exports[`App Component > renders headline as "Hello lads!" 1`] = `
<div>
  <h1>
    Hello lads!
  </h1>
  <button>
    Click to change heading
  </button>
</div>
`;
